     Testing Mongoose
      Status `/tmp/jl_XT5HBR/Project.toml`
  [5060bff5] ConcurrentCollections v0.1.1
  [cd3eb016] HTTP v1.11.0
  [494b707d] Mongoose v0.2.1 `~/Documents/GitHub/Julia/Packages/Mongoose.jl`
  [8dfed614] Test v1.11.0
      Status `/tmp/jl_XT5HBR/Manifest.toml`
  [d1d4a3ce] BitFlags v0.1.9
  [944b1d66] CodecZlib v0.7.8
  [5060bff5] ConcurrentCollections v0.1.1
  [f0e56b4a] ConcurrentUtilities v2.5.1
  [460bff9d] ExceptionUnwrapping v0.1.11
  [cd3eb016] HTTP v1.11.0
  [692b3bcd] JLLWrappers v1.7.1
  [e6f89c97] LoggingExtras v1.2.0
  [739be429] MbedTLS v1.1.10
  [494b707d] Mongoose v0.2.1 `~/Documents/GitHub/Julia/Packages/Mongoose.jl`
  [4d8831e6] OpenSSL v1.6.1
  [aea7be01] PrecompileTools v1.3.3
  [21216c6a] Preferences v1.5.2
  [777ac1f9] SimpleBufferStream v1.2.0
  [3bb67fe8] TranscodingStreams v0.11.3
  [5c2747f8] URIs v1.6.1
  [c8ffd9c3] MbedTLS_jll v2.28.1010+0
  [0a8a3f5b] Mongoose_jll v7.19.0+2
  [56f22d72] Artifacts v1.11.0
  [2a0f44e3] Base64 v1.11.0
  [ade2ca70] Dates v1.11.0
  [b77e0a4c] InteractiveUtils v1.11.0
  [ac6e5ff7] JuliaSyntaxHighlighting v1.12.0
  [8f399da3] Libdl v1.11.0
  [56ddb016] Logging v1.11.0
  [d6f4376e] Markdown v1.11.0
  [ca575930] NetworkOptions v1.3.0
  [de0858da] Printf v1.11.0
  [9a3f8284] Random v1.11.0
  [ea8e919c] SHA v0.7.0
  [9e88b42a] Serialization v1.11.0
  [6462fe0b] Sockets v1.11.0
  [f489334b] StyledStrings v1.11.0
  [fa267f1f] TOML v1.0.3
  [8dfed614] Test v1.11.0
  [cf7118a7] UUIDs v1.11.0
  [4ec0a83e] Unicode v1.11.0
  [14a3606d] MozillaCACerts_jll v2025.11.4
  [458c3c95] OpenSSL_jll v3.5.4+0
  [83775a58] Zlib_jll v1.3.1+2
     Testing Running tests...
[ Info: Starting server...
[ Info: Listening on http://127.0.0.1:8091
[ Info: Server event loop task started on thread 2
[ Info: Stopping server...
[ Info: Server event loop task finished.
[ Info: Server stopped successfully.
[ Info: Starting server...
[ Info: Listening on http://127.0.0.1:8092
[ Info: Server event loop task started on thread 2
[ Info: Worker thread 1 started on thread 5
┌ Error: Route handler failed to execute
│   exception =
│    Something went wrong!
│    Stacktrace:
│     [1] error(s::String)
│       @ Base ./error.jl:44
│     [2] (::var"#error_handler#error_handler##0")(request::HttpRequest, params::Dict{String, String})
│       @ Main ~/Documents/GitHub/Julia/Packages/Mongoose.jl/test/runtests.jl:20
│     [3] (::Mongoose.var"#dispatch#execute_middleware##0"{Vector{Function}, HttpRequest, Dict{String, String}, var"#error_handler#error_handler##0"})(index::Int64)
│       @ Mongoose ~/Documents/GitHub/Julia/Packages/Mongoose.jl/src/core/types.jl:15
│     [4] execute_middleware(middlewares::Vector{Function}, request::HttpRequest, params::Dict{String, String}, final_handler::var"#error_handler#error_handler##0")
│       @ Mongoose ~/Documents/GitHub/Julia/Packages/Mongoose.jl/src/core/types.jl:20
│     [5] execute_http_handler(server::AsyncServer, request::Mongoose.IdRequest{HttpRequest})
│       @ Mongoose ~/Documents/GitHub/Julia/Packages/Mongoose.jl/src/http/handler.jl:16
│     [6] worker_loop(server::AsyncServer, worker_index::Int64, router::Mongoose.Router)
│       @ Mongoose ~/Documents/GitHub/Julia/Packages/Mongoose.jl/src/servers/async.jl:41
│     [7] (::Mongoose.var"#start_workers!##0#start_workers!##1"{AsyncServer, Int64})()
│       @ Mongoose ~/Documents/GitHub/Julia/Packages/Mongoose.jl/src/servers/async.jl:58
└ @ Mongoose ~/Documents/GitHub/Julia/Packages/Mongoose.jl/src/http/handler.jl:19
[ Info: Stopping server...
[ Info: Server event loop task finished.
[ Info: Worker thread 1 finished
[ Info: Server stopped successfully.
[ Info: Running multithreading tests with 4 threads
[ Info: Starting server...
[ Info: Listening on http://127.0.0.1:8093
[ Info: Worker thread 2 started on thread 2
[ Info: Server event loop task started on thread 5
[ Info: Worker thread 1 started on thread 3
[ Info: Worker thread 3 started on thread 4
[ Info: Worker thread 4 started on thread 2
[ Info: Stopping server...
[ Info: Server event loop task finished.
[ Info: Worker thread 3 finished
[ Info: Worker thread 1 finished
[ Info: Worker thread 4 finished
[ Info: Worker thread 2 finished
[ Info: Server stopped successfully.
[ Info: Starting server...
[ Info: Listening on http://127.0.0.1:8094
[ Info: Starting server...
[ Info: Listening on http://127.0.0.1:8095
[ Info: Worker thread 1 started on thread 4
[ Info: Server event loop task started on thread 2
[ Info: Server event loop task started on thread 3
[ Info: Worker thread 1 started on thread 5
[ Info: Stopping server...
[ Info: Server event loop task finished.
[ Info: Worker thread 1 finished
[ Info: Server stopped successfully.
[ Info: Server event loop task finished.
[ Info: Stopping server...
[ Info: Worker thread 1 finished
[ Info: Server stopped successfully.
Test Summary: | Pass  Total  Time
Mongoose.jl   |   31     31  6.8s
     Testing Mongoose tests passed 
