[ Info: Listening on http://127.0.0.1:8091
[ Info: Server event loop task started on thread 2
[ Info: Server event loop task finished.
[ Info: Stopping server...
[ Info: Server stopped successfully.
[ Info: Listening on http://127.0.0.1:8092
[ Info: Worker thread 1 started on thread 2
[ Info: Server event loop task started on thread 2
┌ Error: Route handler failed to execute
│   exception =
│    Something went wrong!
│    Stacktrace:
│     [1] error(s::String)
│       @ Base ./error.jl:44
│     [2] (::var"#error_handler#error_handler##0")(::Request)
│       @ Main ~/Documents/GitHub/Julia/Packages/Mongoose.jl/test/runtests.jl:19
│     [3] execute_middleware(middlewares::Vector{Function}, request::Request, params::Vector{Any}, final_handler::var"#error_handler#error_handler##0")
│       @ Mongoose ~/Documents/GitHub/Julia/Packages/Mongoose.jl/src/core/types.jl:27
│     [4] _dynamic_http_handler(server::AsyncServer{HttpRouter, NoStaticRouter, Mongoose.NoWsRouter}, request::Mongoose.IdRequest{Request})
│       @ Mongoose ~/Documents/GitHub/Julia/Packages/Mongoose.jl/src/http/handler.jl:66
│     [5] execute_http_handler
│       @ ~/Documents/GitHub/Julia/Packages/Mongoose.jl/src/http/handler.jl:21 [inlined]
│     [6] worker_loop(server::AsyncServer{HttpRouter, NoStaticRouter, Mongoose.NoWsRouter}, worker_index::Int64, router::HttpRouter)
│       @ Mongoose ~/Documents/GitHub/Julia/Packages/Mongoose.jl/src/servers/async.jl:69
│     [7] (::Mongoose.var"#start_workers!##0#start_workers!##1"{AsyncServer{HttpRouter, NoStaticRouter, Mongoose.NoWsRouter}, Int64})()
│       @ Mongoose ~/Documents/GitHub/Julia/Packages/Mongoose.jl/src/servers/async.jl:103
└ @ Mongoose ~/Documents/GitHub/Julia/Packages/Mongoose.jl/src/http/handler.jl:69
[ Info: Server event loop task finished.
[ Info: Stopping server...
[ Info: Worker thread 1 finished
[ Info: Server stopped successfully.
[ Info: Listening on http://127.0.0.1:8100
[ Info: Worker thread 1 started on thread 2
[ Info: Server event loop task started on thread 2
[ Info: Server event loop task finished.
[ Info: Stopping server...
[ Info: Worker thread 1 finished
[ Info: Server stopped successfully.
[ Info: Running multithreading tests with 1 threads
[ Info: Listening on http://127.0.0.1:8093
[ Info: Worker thread 1 started on thread 2
[ Info: Worker thread 2 started on thread 2
[ Info: Worker thread 3 started on thread 2
[ Info: Worker thread 4 started on thread 2
[ Info: Server event loop task started on thread 2
[ Info: Stopping server...
[ Info: Server event loop task finished.
[ Info: Worker thread 1 finished
[ Info: Worker thread 2 finished
[ Info: Worker thread 3 finished
[ Info: Worker thread 4 finished
[ Info: Server stopped successfully.
[ Info: Listening on http://127.0.0.1:8094
[ Info: Listening on http://127.0.0.1:8095
[ Info: Worker thread 1 started on thread 2
[ Info: Server event loop task started on thread 2
[ Info: Worker thread 1 started on thread 2
[ Info: Server event loop task started on thread 2
[ Info: Stopping server...
[ Info: Server event loop task finished.
[ Info: Worker thread 1 finished
[ Info: Server stopped successfully.
[ Info: Stopping server...
[ Info: Server event loop task finished.
[ Info: Worker thread 1 finished
[ Info: Server stopped successfully.
[ Info: Listening on http://127.0.0.1:8096
[ Info: Worker thread 1 started on thread 2
[ Info: Server event loop task started on thread 2
[ Info: Stopping server...
[ Info: Server event loop task finished.
[ Info: Worker thread 1 finished
[ Info: Server stopped successfully.
[ Info: Listening on http://127.0.0.1:8097
[ Info: Worker thread 1 started on thread 2
[ Info: Server event loop task started on thread 2
[ Info: Stopping server...
[ Info: Server event loop task finished.
[ Info: Worker thread 1 finished
[ Info: Server stopped successfully.
[ Info: Listening on http://127.0.0.1:8099
[ Info: Worker thread 1 started on thread 2
[ Info: Server event loop task started on thread 2
[ Info: Stopping server...
[ Info: Server event loop task finished.
[ Info: Worker thread 1 finished
[ Info: Server stopped successfully.
[ Info: Listening on http://127.0.0.1:8097
[ Info: Worker thread 1 started on thread 2
[ Info: Worker thread 2 started on thread 2
[ Info: Worker thread 3 started on thread 2
[ Info: Worker thread 4 started on thread 2
[ Info: Server event loop task started on thread 2
[ Info: Stopping server...
[ Info: Worker thread 4 finished
[ Info: Worker thread 1 finished
[ Info: Worker thread 2 finished
[ Info: Worker thread 3 finished
[ Info: Server event loop task finished.
[ Info: Server stopped successfully.
[ Info: Listening on http://127.0.0.1:8101
[ Info: Server event loop task started on thread 2
[ Info: Stopping server...
[ Info: Server event loop task finished.
[ Info: Server stopped successfully.
ERROR: LoadError: Some tests did not pass: 62 passed, 0 failed, 3 errored, 0 broken.
in expression starting at /home/ajaimes/Documents/GitHub/Julia/Packages/Mongoose.jl/test/runtests.jl:5
Server opened WS connection! Headers: Dict("accept" => "*/*", "sec-websocket-key" => "ogCayCAIUVvfSAnIZvIP6Q==", "user-agent" => "HTTP.jl/1.12.5", "host" => "localhost:8097", "accept-encoding" => "gzip", "upgrade" => "websocket", "sec-websocket-version" => "13", "connection" => "Upgrade")
Server received text: Hello WebSockets!
Client received: Echo: Hello WebSockets!
Server received binary of length: 3
Client received binary: UInt8[0x01, 0x02, 0x03]
Server closed WS connection!
Server Async Mode: Error During Test at /home/ajaimes/Documents/GitHub/Julia/Packages/Mongoose.jl/test/runtests.jl:325
  Got exception outside of a @test
  UndefVarError: `DynamicRouter` not defined in `Main`
  Suggestion: check for spelling errors or missing imports.
  Stacktrace:
   [1] top-level scope
     @ ~/Documents/GitHub/Julia/Packages/Mongoose.jl/test/runtests.jl:8
   [2] macro expansion
     @ ~/.julia/juliaup/julia-1.12.5+0.x64.linux.gnu/share/julia/stdlib/v1.12/Test/src/Test.jl:1776 [inlined]
   [3] macro expansion
     @ ~/Documents/GitHub/Julia/Packages/Mongoose.jl/test/runtests.jl:326 [inlined]
   [4] macro expansion
     @ ~/.julia/juliaup/julia-1.12.5+0.x64.linux.gnu/share/julia/stdlib/v1.12/Test/src/Test.jl:1776 [inlined]
   [5] macro expansion
     @ ~/Documents/GitHub/Julia/Packages/Mongoose.jl/test/runtests.jl:326 [inlined]
   [6] include(mod::Module, _path::String)
     @ Base ./Base.jl:306
   [7] exec_options(opts::Base.JLOptions)
     @ Base ./client.jl:317
   [8] _start()
     @ Base ./client.jl:550
Server Restart: Error During Test at /home/ajaimes/Documents/GitHub/Julia/Packages/Mongoose.jl/test/runtests.jl:354
  Got exception outside of a @test
  UndefVarError: `DynamicRouter` not defined in `Main`
  Suggestion: check for spelling errors or missing imports.
  Stacktrace:
   [1] top-level scope
     @ ~/Documents/GitHub/Julia/Packages/Mongoose.jl/test/runtests.jl:8
   [2] macro expansion
     @ ~/.julia/juliaup/julia-1.12.5+0.x64.linux.gnu/share/julia/stdlib/v1.12/Test/src/Test.jl:1776 [inlined]
   [3] macro expansion
     @ ~/Documents/GitHub/Julia/Packages/Mongoose.jl/test/runtests.jl:355 [inlined]
   [4] macro expansion
     @ ~/.julia/juliaup/julia-1.12.5+0.x64.linux.gnu/share/julia/stdlib/v1.12/Test/src/Test.jl:1776 [inlined]
   [5] macro expansion
     @ ~/Documents/GitHub/Julia/Packages/Mongoose.jl/test/runtests.jl:355 [inlined]
   [6] include(mod::Module, _path::String)
     @ Base ./Base.jl:306
   [7] exec_options(opts::Base.JLOptions)
     @ Base ./client.jl:317
   [8] _start()
     @ Base ./client.jl:550
Server Middleware: Error During Test at /home/ajaimes/Documents/GitHub/Julia/Packages/Mongoose.jl/test/runtests.jl:392
  Got exception outside of a @test
  UndefVarError: `DynamicRouter` not defined in `Main`
  Suggestion: check for spelling errors or missing imports.
  Stacktrace:
   [1] top-level scope
     @ ~/Documents/GitHub/Julia/Packages/Mongoose.jl/test/runtests.jl:8
   [2] macro expansion
     @ ~/.julia/juliaup/julia-1.12.5+0.x64.linux.gnu/share/julia/stdlib/v1.12/Test/src/Test.jl:1776 [inlined]
   [3] macro expansion
     @ ~/Documents/GitHub/Julia/Packages/Mongoose.jl/test/runtests.jl:393 [inlined]
   [4] macro expansion
     @ ~/.julia/juliaup/julia-1.12.5+0.x64.linux.gnu/share/julia/stdlib/v1.12/Test/src/Test.jl:1776 [inlined]
   [5] macro expansion
     @ ~/Documents/GitHub/Julia/Packages/Mongoose.jl/test/runtests.jl:393 [inlined]
   [6] include(mod::Module, _path::String)
     @ Base ./Base.jl:306
   [7] exec_options(opts::Base.JLOptions)
     @ Base ./client.jl:317
   [8] _start()
     @ Base ./client.jl:550
Test Summary:            | Pass  Error  Total   Time
Mongoose.jl              |   62      3     65  16.1s
  SyncServer             |    2             2   4.3s
  AsyncServer            |    7             7   2.8s
  Typed Route Parameters |    7             7   0.7s
  Multithreading         |   20            20   0.2s
  Multiple Instances     |    2             2   1.1s
  CORS Middleware        |    4             4   0.7s
  JSON Integration       |    6             6   1.0s
  parse_into             |    6             6   0.2s
  Body Size Limit        |    2             2   0.7s
  WebSocket Tests        |                  0   3.6s
  Server Sync Mode       |    4             4   0.2s
  Server Async Mode      |           1      1   0.6s
  Server Restart         |           1      1   0.0s
  Server Middleware      |           1      1   0.0s
  route! on Router       |    2             2   0.0s
RNG of the outermost testset: Random.Xoshiro(0xf80171b0d30a1b52, 0x0486049afcdac465, 0xa5d14d30fe7ef7a4, 0xab84ec550d955b53, 0xf34c77ca212abdfa)
f406ae 3 mongoose.c:4155:mg_mgr_init    MG_IO_SIZE: 16384, TLS: none
